// Jest Snapshot v1, https://goo.gl/fbAQLP

exports[`Button snapshots 1`] = `
<button
  className=""
  type="button"
>
  Give Me More
</button>
`;

exports[`Search snapshots 1`] = `
<form>
  <input
    type="text"
  />
  <button
    type="submit"
  >
    Search
  </button>
</form>
`;
